Input score:  /Users/grohlice/Source/genetics-gym-final/merge_v2/data/raw_data/scores/msa_pairformer_llr_chunks0-9.parquet
Linker dir:   /Users/grohlice/Source/genetics-gym-final/merge_v2/data/raw_data/linker/linker_missense_enst_transcript_aa_uniprot_by_chrom_tsv
Output:       /Users/grohlice/Source/genetics-gym-final/merge_v2/data/raw_data/scores/msa_pairformer_variant.parquet
Linker shards: 24 (chr1, chr2, chr3, chr4, chr5, chr6, chr7, chr8, chr9, chr10, chr11, chr12, chr13, chr14, chr15, chr16, chr17, chr18, chr19, chr20, chr21, chr22, chrX, chrY)
Score columns to emit (1, FLOAT):
  msa_pairformer_llr   (canonical UniProt isoform only; max over any residual duplicates)
Join type: INNER on (uniprot_id, aa_pos, aa_ref, aa_alt); canonical-isoform WHERE filter; GROUP BY ['chrom', 'pos', 'ref', 'alt']
Checkpoints: /Users/grohlice/Source/genetics-gym-final/merge_v2/data/raw_data/scores/.ckpt_msa_pairformer_variant
Spill dir:   /Users/grohlice/Source/genetics-gym-final/merge_v2/data/raw_data/scores/.duckdb_spill

  [1/24] chr1: joining linker_missense_enst_transcript_aa_uniprot_1.tsv.bgz ...
    streaming chr1 (linker: linker_missense_enst_transcript_aa_uniprot_1.tsv.bgz) -> chr1.parquet ...
     checkpoint written: 2,401,552 rows -> chr1.parquet
  [2/24] chr2: joining linker_missense_enst_transcript_aa_uniprot_2.tsv.bgz ...
    streaming chr2 (linker: linker_missense_enst_transcript_aa_uniprot_2.tsv.bgz) -> chr2.parquet ...
     checkpoint written: 1,544,830 rows -> chr2.parquet
  [3/24] chr3: joining linker_missense_enst_transcript_aa_uniprot_3.tsv.bgz ...
    streaming chr3 (linker: linker_missense_enst_transcript_aa_uniprot_3.tsv.bgz) -> chr3.parquet ...
     checkpoint written: 1,277,020 rows -> chr3.parquet
  [4/24] chr4: joining linker_missense_enst_transcript_aa_uniprot_4.tsv.bgz ...
    streaming chr4 (linker: linker_missense_enst_transcript_aa_uniprot_4.tsv.bgz) -> chr4.parquet ...
     checkpoint written: 984,743 rows -> chr4.parquet
  [5/24] chr5: joining linker_missense_enst_transcript_aa_uniprot_5.tsv.bgz ...
    streaming chr5 (linker: linker_missense_enst_transcript_aa_uniprot_5.tsv.bgz) -> chr5.parquet ...
     checkpoint written: 1,073,443 rows -> chr5.parquet
  [6/24] chr6: joining linker_missense_enst_transcript_aa_uniprot_6.tsv.bgz ...
    streaming chr6 (linker: linker_missense_enst_transcript_aa_uniprot_6.tsv.bgz) -> chr6.parquet ...
     checkpoint written: 1,238,445 rows -> chr6.parquet
  [7/24] chr7: joining linker_missense_enst_transcript_aa_uniprot_7.tsv.bgz ...
    streaming chr7 (linker: linker_missense_enst_transcript_aa_uniprot_7.tsv.bgz) -> chr7.parquet ...
     checkpoint written: 1,105,141 rows -> chr7.parquet
  [8/24] chr8: joining linker_missense_enst_transcript_aa_uniprot_8.tsv.bgz ...
    streaming chr8 (linker: linker_missense_enst_transcript_aa_uniprot_8.tsv.bgz) -> chr8.parquet ...
     checkpoint written: 889,655 rows -> chr8.parquet
  [9/24] chr9: joining linker_missense_enst_transcript_aa_uniprot_9.tsv.bgz ...
    streaming chr9 (linker: linker_missense_enst_transcript_aa_uniprot_9.tsv.bgz) -> chr9.parquet ...
     checkpoint written: 977,225 rows -> chr9.parquet
  [10/24] chr10: joining linker_missense_enst_transcript_aa_uniprot_10.tsv.bgz ...
    streaming chr10 (linker: linker_missense_enst_transcript_aa_uniprot_10.tsv.bgz) -> chr10.parquet ...
     checkpoint written: 847,709 rows -> chr10.parquet
  [11/24] chr11: joining linker_missense_enst_transcript_aa_uniprot_11.tsv.bgz ...
    streaming chr11 (linker: linker_missense_enst_transcript_aa_uniprot_11.tsv.bgz) -> chr11.parquet ...
     checkpoint written: 1,564,588 rows -> chr11.parquet
  [12/24] chr12: joining linker_missense_enst_transcript_aa_uniprot_12.tsv.bgz ...
    streaming chr12 (linker: linker_missense_enst_transcript_aa_uniprot_12.tsv.bgz) -> chr12.parquet ...
     checkpoint written: 1,305,870 rows -> chr12.parquet
  [13/24] chr13: joining linker_missense_enst_transcript_aa_uniprot_13.tsv.bgz ...
    streaming chr13 (linker: linker_missense_enst_transcript_aa_uniprot_13.tsv.bgz) -> chr13.parquet ...
     checkpoint written: 386,573 rows -> chr13.parquet
  [14/24] chr14: joining linker_missense_enst_transcript_aa_uniprot_14.tsv.bgz ...
    streaming chr14 (linker: linker_missense_enst_transcript_aa_uniprot_14.tsv.bgz) -> chr14.parquet ...
     checkpoint written: 789,413 rows -> chr14.parquet
  [15/24] chr15: joining linker_missense_enst_transcript_aa_uniprot_15.tsv.bgz ...
    streaming chr15 (linker: linker_missense_enst_transcript_aa_uniprot_15.tsv.bgz) -> chr15.parquet ...
     checkpoint written: 805,620 rows -> chr15.parquet
  [16/24] chr16: joining linker_missense_enst_transcript_aa_uniprot_16.tsv.bgz ...
    streaming chr16 (linker: linker_missense_enst_transcript_aa_uniprot_16.tsv.bgz) -> chr16.parquet ...
     checkpoint written: 988,962 rows -> chr16.parquet
  [17/24] chr17: joining linker_missense_enst_transcript_aa_uniprot_17.tsv.bgz ...
    streaming chr17 (linker: linker_missense_enst_transcript_aa_uniprot_17.tsv.bgz) -> chr17.parquet ...
     checkpoint written: 1,491,422 rows -> chr17.parquet
  [18/24] chr18: joining linker_missense_enst_transcript_aa_uniprot_18.tsv.bgz ...
    streaming chr18 (linker: linker_missense_enst_transcript_aa_uniprot_18.tsv.bgz) -> chr18.parquet ...
     checkpoint written: 331,029 rows -> chr18.parquet
  [19/24] chr19: joining linker_missense_enst_transcript_aa_uniprot_19.tsv.bgz ...
    streaming chr19 (linker: linker_missense_enst_transcript_aa_uniprot_19.tsv.bgz) -> chr19.parquet ...
     checkpoint written: 1,968,214 rows -> chr19.parquet
  [20/24] chr20: joining linker_missense_enst_transcript_aa_uniprot_20.tsv.bgz ...
    streaming chr20 (linker: linker_missense_enst_transcript_aa_uniprot_20.tsv.bgz) -> chr20.parquet ...
     checkpoint written: 586,755 rows -> chr20.parquet
  [21/24] chr21: joining linker_missense_enst_transcript_aa_uniprot_21.tsv.bgz ...
    streaming chr21 (linker: linker_missense_enst_transcript_aa_uniprot_21.tsv.bgz) -> chr21.parquet ...
     checkpoint written: 210,404 rows -> chr21.parquet
  [22/24] chr22: joining linker_missense_enst_transcript_aa_uniprot_22.tsv.bgz ...
    streaming chr22 (linker: linker_missense_enst_transcript_aa_uniprot_22.tsv.bgz) -> chr22.parquet ...
     checkpoint written: 535,483 rows -> chr22.parquet
  [23/24] chrX: joining linker_missense_enst_transcript_aa_uniprot_X.tsv.bgz ...
    streaming chrX (linker: linker_missense_enst_transcript_aa_uniprot_X.tsv.bgz) -> chrX.parquet ...
     checkpoint written: 1,139,045 rows -> chrX.parquet
  [24/24] chrY: joining linker_missense_enst_transcript_aa_uniprot_Y.tsv.bgz ...
    streaming chrY (linker: linker_missense_enst_transcript_aa_uniprot_Y.tsv.bgz) -> chrY.parquet ...
     checkpoint written: 0 rows -> chrY.parquet
  streaming consolidation -> msa_pairformer_variant.parquet ...

Done. Wrote 24,443,141 rows x 5 columns to /Users/grohlice/Source/genetics-gym-final/merge_v2/data/raw_data/scores/msa_pairformer_variant.parquet
